<html>
<body>
<pre>
<h1>µVision Build Log</h1>
<h2>Tool Versions:</h2>
IDE-Version: µVision V5.31.0.0
Copyright (C) 2020 ARM Ltd and ARM Germany GmbH. All rights reserved.
License Information: Omid Fatemi, University of Tehran, LIC=9WSKC-7FFJ7-CX2U6-D8G4A-BGK90-R47N2
 
Tool Versions:
Toolchain:       MDK-ARM Plus  Version: 5.31.0.0
Toolchain Path:  C:\Keil_v5\ARM\ARMCC\Bin
C Compiler:      Armcc.exe V5.06 update 6 (build 750)
Assembler:       Armasm.exe V5.06 update 6 (build 750)
Linker/Locator:  ArmLink.exe V5.06 update 6 (build 750)
Library Manager: ArmAr.exe V5.06 update 6 (build 750)
Hex Converter:   FromElf.exe V5.06 update 6 (build 750)
CPU DLL:         SARMCM3.DLL V5.31.0.0
Dialog DLL:      DARMP1.DLL V1.27.0.0
    Target DLL: AGDIRDI.DLL
Dialog DLL:      TARMP1.DLL V1.26.0.0
 
<h2>Project:</h2>
C:\Users\group6\Desktop\Explore-Cortex-M3-LPC1768-DVB-14001-master\Code\KeilExamples\06e-UART_String_RxTx_Lcd\06e-UART_String_RxTx_Lcd.uvprojx
Project File Date:  06/25/2021

<h2>Output:</h2>
*** Using Compiler 'V5.06 update 6 (build 750)', folder: 'C:\Keil_v5\ARM\ARMCC\Bin'
Build target 'Target 1'
assembling startup_LPC17xx.s...
compiling main.c...
compiling gpio.c...
compiling delay.c...
compiling lcd.c...
compiling uart.c...
compiling system_LPC17xx.c...
linking...
Program Size: Code=7068 RO-data=284 RW-data=12 ZI-data=628  
After Build - User command #1: fromelf --bin 06e-UART_String_RxTx_Lcd.axf --output 06e-UART_String_RxTx_Lcd.bin
Error: Q0108E: Could not create output file '06e-UART_String_RxTx_Lcd.bin': Permission denied
Finished: 0 information, 0 warning and 1 error messages.
".\06e-UART_String_RxTx_Lcd.axf" - 0 Error(s), 0 Warning(s).

<h2>Software Packages used:</h2>

Package Vendor: ARM
                http://www.keil.com/pack/ARM.CMSIS.5.7.0.pack
                ARM.CMSIS.5.7.0
                CMSIS (Cortex Microcontroller Software Interface Standard)
   * Component: CORE Version: 5.4.0

Package Vendor: Keil
                http://www.keil.com/pack/Keil.LPC1700_DFP.2.6.0.pack
                Keil.LPC1700_DFP.2.6.0
                NXP LPC1700 Series Device Support, Drivers and Examples for MCB1700 and LPC1788-32

<h2>Collection of Component include folders:</h2>
  .\RTE\_Target_1
  C:\Keil_v5\Packs\ARM\CMSIS\5.7.0\CMSIS\Core\Include
  C:\Keil_v5\Packs\Keil\LPC1700_DFP\2.6.0\Device\Include

<h2>Collection of Component Files used:</h2>

   * Component: ARM::CMSIS:CORE:5.4.0
Build Time Elapsed:  00:00:01
</pre>
</body>
</html>
