<html>
<body>
<pre>
<h1>µVision Build Log</h1>
<h2>Tool Versions:</h2>
IDE-Version: µVision V5.34.0.0
Copyright (C) 2021 ARM Ltd and ARM Germany GmbH. All rights reserved.
License Information: Ju Bc, UB, LIC=Z3C6R-KJR2R-069QU-S6HDD-5SI42-QHYLI
 
Tool Versions:
Toolchain:       MDK-ARM Professional  Version: 5.34.0.0
Toolchain Path:  C:\Keil_v5\ARM\ARMCC\Bin
C Compiler:      Armcc.exe V5.06 update 7 (build 960)
Assembler:       Armasm.exe V5.06 update 7 (build 960)
Linker/Locator:  ArmLink.exe V5.06 update 7 (build 960)
Library Manager: ArmAr.exe V5.06 update 7 (build 960)
Hex Converter:   FromElf.exe V5.06 update 7 (build 960)
CPU DLL:         SARMCM3.DLL V5.34.0.0
Dialog DLL:      DARMP1.DLL V1.27.0.0
Target DLL:      Segger\JL2CM3.dll V2.99.38.0
Dialog DLL:      TARMP1.DLL V1.26.0.0
 
<h2>Project:</h2>
C:\Users\Javad\Desktop\gas-leak-detector\remote-storage\Desktop\final\06c-UART_Tx_String\06c-UART_Tx_String.uvprojx
Project File Date:  07/09/2021

<h2>Output:</h2>
*** Using Compiler 'V5.06 update 7 (build 960)', folder: 'C:\Keil_v5\ARM\ARMCC\Bin'
Rebuild target 'Target 1'
assembling startup_LPC17xx.s...
compiling gpio.c...
compiling delay.c...
compiling adc.c...
compiling main.c...
main.c(212): warning:  #223-D: function "sprintf" declared implicitly
  	sprintf (str,"AT+CWMODE=3%c%c",0x0d,0x0a);
main.c: 1 warning, 0 errors
compiling uart.c...
compiling system_LPC17xx.c...
compiling gateway.c...
gateway.h(11): warning:  #1-D: last line of file ends without a newline
  int get_valve_open_command(void);
gateway.c(33): warning:  #177-D: variable "url"  was declared but never referenced
  	char url[50];
gateway.c: 2 warnings, 0 errors
compiling jansson_config.c...
compiling parser.c...
compiling timer.c...
compiling http_parser.c...
C:\Users\Javad\AppData\Local\Arm\Packs\MDK-Packs\HTTP_Parser\1.0.0\http_parser.c(869): warning:  #111-D: statement is unreachable
                break;
C:\Users\Javad\AppData\Local\Arm\Packs\MDK-Packs\HTTP_Parser\1.0.0\http_parser.c(1183): warning:  #111-D: statement is unreachable
          break;
C:\Users\Javad\AppData\Local\Arm\Packs\MDK-Packs\HTTP_Parser\1.0.0\http_parser.c(1744): warning:  #111-D: statement is unreachable
                break;
C:\Users\Javad\AppData\Local\Arm\Packs\MDK-Packs\HTTP_Parser\1.0.0\http_parser.c: 3 warnings, 0 errors
linking...
Program Size: Code=5678 RO-data=286 RW-data=1092 ZI-data=812  
After Build - User command #1: fromelf --bin 06c-UART_Tx_String.axf --output 06c-UART_Tx_String.bin
Error: Q0108E: Could not create output file '06c-UART_Tx_String.bin': Permission denied
Finished: 0 information, 0 warning and 1 error messages.
".\06c-UART_Tx_String.axf" - 0 Error(s), 6 Warning(s).

<h2>Software Packages used:</h2>

Package Vendor: ARM
                http://www.keil.com/pack/ARM.CMSIS.5.7.0.pack
                ARM.CMSIS.5.7.0
                CMSIS (Cortex Microcontroller Software Interface Standard)
   * Component: CORE Version: 5.4.0

Package Vendor: MDK-Packs
                https://github.com/MDK-Packs/Pack/raw/master/HTTP_Parser/MDK-Packs.HTTP_Parser.1.0.0.pack
                MDK-Packs.HTTP_Parser.1.0.0
                HTTP request/response parser for C
   * Component: http-parser Version: 2.9.2

Package Vendor: Keil
                http://www.keil.com/pack/Keil.Jansson.1.0.0.pack
                Keil.Jansson.1.0.0
                Jansson is a C library for encoding, decoding and manipulating JSON data
   * Component: Jansson Version: 2.7.0

Package Vendor: Keil
                http://www.keil.com/pack/Keil.LPC1700_DFP.2.6.0.pack
                Keil.LPC1700_DFP.2.6.0
                NXP LPC1700 Series Device Support, Drivers and Examples for MCB1700 and LPC1788-32

<h2>Collection of Component include folders:</h2>
  .\RTE\_Target_1
  C:\Users\Javad\AppData\Local\Arm\Packs\ARM\CMSIS\5.7.0\CMSIS\Core\Include
  C:\Users\Javad\AppData\Local\Arm\Packs\Keil\Jansson\1.0.0\src
  C:\Users\Javad\AppData\Local\Arm\Packs\Keil\LPC1700_DFP\2.6.0\Device\Include
  C:\Users\Javad\AppData\Local\Arm\Packs\MDK-Packs\HTTP_Parser\1.0.0

<h2>Collection of Component Files used:</h2>

   * Component: ARM::CMSIS:CORE:5.4.0

   * Component: Keil::Data Exchange:JSON:Jansson:2.7.0
      Library file:  lib\jansson_CM3LE.lib
      Include file:  src\jansson.h
      Source file:   src\jansson_config.c

   * Component: MDK-Packs::IoT Utility:http-parser:2.9.2
      Include file:  http_parser.h
      Source file:   http_parser.c
Build Time Elapsed:  00:00:09
</pre>
</body>
</html>
